[31mfailed to load config from C:\Users\sanja\Downloads\foodbridge-prod\client\vite.config.js[39m
[31merror when starting dev server:
Error: spawn EPERM
    at ChildProcess.spawn (node:internal/child_process:420:11)
    at Object.spawn (node:child_process:753:9)
    at ensureServiceIsRunning (C:\Users\sanja\Downloads\foodbridge-prod\node_modules\esbuild\lib\main.js:1975:29)
    at build (C:\Users\sanja\Downloads\foodbridge-prod\node_modules\esbuild\lib\main.js:1873:26)
    at bundleConfigFile (file:///C:/Users/sanja/Downloads/foodbridge-prod/node_modules/vite/dist/node/chunks/dep-BK3b2jBa.js:66845:24)
    at loadConfigFromFile (file:///C:/Users/sanja/Downloads/foodbridge-prod/node_modules/vite/dist/node/chunks/dep-BK3b2jBa.js:66815:27)
    at resolveConfig (file:///C:/Users/sanja/Downloads/foodbridge-prod/node_modules/vite/dist/node/chunks/dep-BK3b2jBa.js:66416:30)
    at _createServer (file:///C:/Users/sanja/Downloads/foodbridge-prod/node_modules/vite/dist/node/chunks/dep-BK3b2jBa.js:63015:24)
    at createServer (file:///C:/Users/sanja/Downloads/foodbridge-prod/node_modules/vite/dist/node/chunks/dep-BK3b2jBa.js:63012:10)
    at CAC.<anonymous> (file:///C:/Users/sanja/Downloads/foodbridge-prod/node_modules/vite/dist/node/cli.js:736:26)[39m
npm error Lifecycle script `dev` failed with error:
npm error code 1
npm error path C:\Users\sanja\Downloads\foodbridge-prod\client
npm error workspace foodbridge-client@1.0.0
npm error location C:\Users\sanja\Downloads\foodbridge-prod\client
npm error command failed
npm error command C:\WINDOWS\system32\cmd.exe /d /s /c vite
